exports[`Home Home renders without crashing 1`] = `
<div>
  <h1>
    Home
  </h1>
  <p>
    This is a private page. You must be logged in to view it.
  </p>
</div>
`;
